[www.wynncraft.com/index.html]
[backblue.gif]
[fade.gif]
[index.html]
[cdn.wynncraft.com/img/logo.png]
[www.wynncraft.com/cdn-cgi/apps/head/02W1puJdFzGzSz_28dIPQ7Hni_g.js]
[cdnjs.cloudflare.com/ajax/libs/clipboard.js/1.7.1/clipboard.min.js]
[cdn.wynncraft.com/img/ico/apple-icon-57x57.png]
[cdn.wynncraft.com/img/ico/apple-icon-60x60.png]
[cdn.wynncraft.com/img/ico/apple-icon-72x72.png]
[cdn.wynncraft.com/img/ico/apple-icon-76x76.png]
[cdn.wynncraft.com/img/ico/apple-icon-114x114.png]
[cdn.wynncraft.com/img/ico/apple-icon-120x120.png]
[cdn.wynncraft.com/img/ico/apple-icon-144x144.png]
[cdn.wynncraft.com/img/ico/apple-icon-152x152.png]
[cdn.wynncraft.com/img/ico/apple-icon-180x180.png]
[cdn.wynncraft.com/img/ico/android-icon-192x192.png]
[cdn.wynncraft.com/img/ico/favicon-32x32.png]
[cdn.wynncraft.com/img/ico/favicon-96x96.png]
[cdn.wynncraft.com/img/ico/favicon-16x16.png]
[www.wynncraft.com/css/style.css]
[www.wynncraft.com/help.html]
[www.wynncraft.com/stats.html]
[cdn.wynncraft.com/img/intro.png]
[www.wynncraft.com/js/dist/home.min.js]
[cdn.wynncraft.com/img/DiscordOfficialBrandingButton.png]
[www.wynncraft.com/cdn-cgi/l/email-protection.html]
[cdn.wynncraft.com/img/wynn.png]
[cdn.wynncraft.com/img/about/level_up_wynn.png]
[cdn.wynncraft.com/img/about/map_wynn.png]
[cdn.wynncraft.com/img/about/quests_wynn.png]
[cdn.wynncraft.com/img/about/guilds_wynn.png]
[cdn.wynncraft.com/img/about/mobsandbosses_wynn.png]
[cdn.wynncraft.com/img/about/andmuchmore_wynn.png]
[www.wynncraft.com/index.html]
[www.wynncraft.com/css/style.css]
[www.wynncraft.com/cdn-cgi/scripts/5c5dd728/cloudflare-static/email-decode.min.js]
[www.wynncraft.com/js/dist/help.min.js]
[cdn.wynncraft.com/img/help/modals/assassin.png]
[cdn.wynncraft.com/img/help/modals/archer.png]
[cdn.wynncraft.com/img/help/modals/mage.png]
[cdn.wynncraft.com/img/help/modals/warrior.png]
[cdn.wynncraft.com/img/help/modals/decrepitsewers.png]
[cdn.wynncraft.com/img/help/modals/infestedpit.png]
[cdn.wynncraft.com/img/help/modals/lostsanctuary.png]
[cdn.wynncraft.com/img/help/modals/underworldcrypt.png]
[cdn.wynncraft.com/img/help/modals/tomb.png]
[cdn.wynncraft.com/img/help/modals/icebarrows.png]
[cdn.wynncraft.com/img/help/modals/undergrowthruins.png]
[cdn.wynncraft.com/img/help/modals/galleonsgraveyard.png]
[cdn.wynncraft.com/img/help/modals/corkusdungeon.png]
[cdn.wynncraft.com/img/help/modals/guild_level.png]
[cdn.wynncraft.com/img/help/modals/guild_territory.png]
[cdn.wynncraft.com/img/help/modals/guild_mobs.png]
[i.imgur.com/iYt0Uhw.png]
[cdn.wynncraft.com/img/help/modals/hotbar.png]
[cdn.wynncraft.com/img/help/modals/deathmessage.png]
[www.wynncraft.com/help.html]
[www.wynncraft.com/js/dist/stats.min.js]
[cdn.wynncraft.com/img/stats/guildLeaderboard.png]
[cdn.wynncraft.com/img/stats/playerLeaderboard.png]
[cdn.wynncraft.com/img/stats/pvpLeaderboard.png]
[cdn.wynncraft.com/img/stats/professions/woodcutting.png]
[cdn.wynncraft.com/img/stats/professions/mining.png]
[cdn.wynncraft.com/img/stats/professions/fishing.png]
[cdn.wynncraft.com/img/stats/professions/farming.png]
[cdn.wynncraft.com/img/stats/professions/alchemism.png]
[cdn.wynncraft.com/img/stats/professions/armouring.png]
[cdn.wynncraft.com/img/stats/professions/cooking.png]
[cdn.wynncraft.com/img/stats/professions/jeweling.png]
[cdn.wynncraft.com/img/stats/professions/scribing.png]
[cdn.wynncraft.com/img/stats/professions/tailoring.png]
[cdn.wynncraft.com/img/stats/professions/weaponsmithing.png]
[cdn.wynncraft.com/img/stats/professions/woodworking.png]
[www.wynncraft.com/stats.html]
[www.wynncraft.com/cdn-cgi/l/email-protection.html]
